
main_a_js-main_b-b98457.js
----------------
shared/abcd.js
shared/abc.js
shared/ab.js

main_b_js-main_c-d6a87f.js
----------------
shared/bcd.js
shared/cd.js
shared/bc.js

require-config.js
----------------
require-config.js

main_a.js
----------------
main_a.js

main_b.js
----------------
main_b.js

main_c.js
----------------
main_c.js

main_d.js
----------------
main_d.js
