
main_a_js-main_b-cdf161.js
----------------
shared/jquery.js
shared/jquery-plugin.js

require-config.js
----------------
require-config.js

main_a.js
----------------
main_a.js

main_b.js
----------------
main_b.js
