
main_a_js-main_b-8b1b84.js
----------------
shared/abc.js
shared/bc.js
shared/ab.js

require-config.js
----------------
require-config.js

main_a.js
----------------
main_a.js

main_b.js
----------------
main_b.js

main_c.js
----------------
main_c.js
